
[1m[46m RUN [49m[22m [36mv4.1.0 [39m[90mC:/Users/egar0/stock-system/frontend[39m

 [31mÔØ»[39m src/__tests__/ui.test.jsx [2m([22m[2m0 test[22m[2m)[22m

ÔÄ»ÔÄ»ÔÄ»ÔÄ»ÔÄ»ÔÄ» Failed Suites 1 ÔÄ»ÔÄ»ÔÄ»ÔÄ»ÔÄ»ÔÄ»ÔÄ»

 FAIL  src/__tests__/ui.test.jsx [ src/__tests__/ui.test.jsx ]
Error: Cannot find module '/@id/C:/Users/egar0/stock-system/frontend/src/setupTests.js'
ÔÄ»ÔÄ»ÔÄ»ÔÄ»ÔÄ»ÔÄ»ÔÄ»ÔÄ»ÔÄ»ÔÄ»ÔÄ»ÔÄ»ÔÄ»ÔÄ»ÔÄ»ÔÄ»ÔÄ»ÔÄ»ÔÄ»ÔÄ»ÔÄ»ÔÄ»ÔÄ»ÔÄ»[1/1]ÔÄ»


[2m Test Files [22m [1m[31m1 failed[39m[22m[90m (1)[39m
[2m      Tests [22m [2mno tests[22m
[2m   Start at [22m 01:39:30
[2m   Duration [22m 1.06s[2m (transform 0ms, setup 0ms, import 0ms, tests 0ms, environment 867ms)[22m

